add rax, 0x7fffffff
add rax, 0x8fffffff
adcx r12, r9
adcx r13, r15
add rsp, 0x40
adox r11, r9
adox r12, r8
adox rax, r12
adox rbp, r13
adox rdx, r13
adox rdx, rax
adox rdx, rbx
and r11, r12
and r12, rbp
and r13, rbp
and r14, rax
and r9, rdx
and rdx, r11
and rdx, r12
imul r14, r15, 0x2
imul r15, rdx, 0x2
imul r8, [ rsi + 0x8 ], 0x2
imul rdx, [ rsi + 0x10 ], 0x2
imul rdx, [ rsi + 0x10 ], 0x5
imul rdx, [ rsi + 0x8 ], 0x2
imul rdx, r12, 0x5
lea rax, [ rax + r11 ]
lea rax, [ rax + rdx ]
lea rdx, [ rdx + r13 ]
mov [ rdi + 0x0 ], rdx
mov [ rdi + 0x10 ], rdx
mov [ rdi + 0x18 ], rdx
mov [ rdi + 0x20 ], r11
mov [ rdi + 0x28 ], rbx
mov [ rdi + 0x30 ], r14
mov [ rdi + 0x38 ], rcx
mov [ rdi + 0x40 ], r10
mov [ rdi + 0x48 ], r9
mov [ rdi + 0x50 ], r8
mov [ rdi + 0x58 ], r15
mov [ rdi + 0x8 ], r12
mov [ rsp + 0x0 ], r15
mov [ rsp + 0x10 ], r13
mov [ rsp + 0x18 ], r12
mov [ rsp + 0x20 ], rbp
mov [ rsp + 0x28 ], rbx
mov [ rsp + 0x30 ], r12
mov [ rsp + 0x38 ], r11
mov [ rsp + 0x8 ], r14
mov r11, 0xffffffffffffffff
mov r11, r12
mov r11, rdx
mov r12, 0x0
mov r12, 0x7ffffffffff
mov r12, 0xfffffffffff
mov r12, [ rsp + 0x18 ]
mov r12, r10
mov r12, r14
mov r12, rax
mov r12, rdx
mov r13, [ rsp + 0x10 ]
mov r13, r8
mov r13, rdx
mov r14, [ rsp + 0x8 ]
mov r14, rdx
mov r15, [ rsp + 0x0 ]
mov r9, r14
mov rax, 0xfffffffffff
mov rax, [ rsp + 0x30 ]
mov rax, [ rsp + 0x38 ]
mov rax, r14
mov rax, rdx
mov rbp, 0x7ffffffffff
mov rbp, [ rsp + 0x20 ]
mov rbp, r8
mov rbp, rax
mov rbx, [ rsp + 0x28 ]
mov rbx, rdx
mov rcx, rdx
mov rdx, 0xffffffffffffffff
mov rdx, [ rsi + 0x0 ]
mov rdx, [ rsi + 0x8 ]
mov rdx, r13
mov rdx, r14
mov rdx, rax
mov rdx, rbp
mulx r10, rax, [ rsi + 0x0 ]
mulx r12, r13, [ rsi + 0x0 ]
mulx r14, r15, [ rsi + 0x0 ]
mulx r8, r14, r14
mulx r9, r8, [ rsi + 0x10 ]
mulx r9, r8, r8
ret
shr rbp, 43
shr rdx, 44
shrd r12, rax, 43
shrd r13, rax, 43
shrd rbx, r12, 44
sub rsp, 0x40
xor r12, r12
xor rbx, rbx
mov rax, -4624529908474429120
mov rax, -0x4551231950b75fc5
mov rax, 18446744073709551615
cmp rax, -0x1
cmp qword [rsp + 0x5], -0x1
cmp qword [rsp + 0x08], -0x1
cmp qword [rsi + 0x08], -0x1
cmp qword [rsp + 0x08], -0x2
cmp qword [rsi + 0x08], -0x2
cmp byte [rsp + 0x5], -0x1
cmp byte [rsp + 0x08], -0x1
cmp byte [rsi + 0x08], -0x1
cmp byte [rsp + 0x08], -0x2
cmp byte [rsi + 0x08], -0x2
cmp rbx, rax
cmp rax, -0x2
cmp rax, -0x02
cmp rax, -0x3
cmp rax, -0x4
cmp rax, -0x004
cmp rax, -0x4004
cmp rax, -0x7004
cmp rax, -0x40
test rax, -0x40
test rax, 0x40
xor rax, 0x40
xor rax, -0x40
xor rax, -0x4
xor rax, -0x04
cmp rax, -0x04
cmp rax, -0x004
cmp rax, -0x0004
mov rax, -0x1
mov rbx, rax
mov rax, -0x2
mov rax, -0x02
mov rax, -0x3
mov rax, -0x4
mov rax, -0x04
mov rax, -0x004
mov rax, -0x0004
